Microchip MPLAB XC8 Compiler V2.10 ()

Linker command line:

-W-3 --edf=C:\Program Files (x86)\Microchip\xc8\v2.10\pic\dat\en_msgs.txt \
  -cs -h+dist/default/production\Keypad_Security_Lock.X.production.sym \
  --cmf=dist/default/production\Keypad_Security_Lock.X.production.cmf -z \
  -Q18F458 -oC:\Users\ABDULQ~1\AppData\Local\Temp\s2vc.2 \
  --defsym=__MPLAB_BUILD=1 \
  -Mdist/default/production/Keypad_Security_Lock.X.production.map -E1 \
  -ver=XC8 --acfsm=1493 -ASTACK=066h-05FFh -pstack=STACK \
  -ACODE=00h-03FFFhx2 -ACONST=00h-07FFFh -ASMALLCONST=0600h-06FFhx122 \
  -AMEDIUMCONST=0600h-07FFFh -ACOMRAM=01h-05Fh -AABS1=00h-05FFh \
  -ABIGRAM=01h-05FFh -ARAM=060h-0FFh,0100h-01FFhx5 -ABANK0=060h-0FFh \
  -ABANK1=0100h-01FFh -ABANK2=0200h-02FFh -ABANK3=0300h-03FFh \
  -ABANK4=0400h-04FFh -ABANK5=0500h-05FFh -ASFR=0F00h-0F5Fh,0F60h-0FFFh \
  -preset_vec=00h,intcode=08h,intcodelo,powerup,init -pramtop=0600h \
  -psmallconst=SMALLCONST -pmediumconst=MEDIUMCONST -pconst=CONST \
  -AFARRAM=00h-00h -ACONFIG=0300000h-030000Dh -pconfig=CONFIG \
  -AIDLOC=0200000h-0200007h -pidloc=IDLOC -AEEDATA=0F00000h-0F000FFh \
  -peeprom_data=EEDATA \
  -prdata=COMRAM,nvrram=COMRAM,nvbit=COMRAM,rbss=COMRAM,rbit=COMRAM \
  -pfarbss=FARRAM,fardata=FARRAM,nvFARRAM=FARRAM \
  -pintsave_regs=BIGRAM,bigbss=BIGRAM,bigdata=BIGRAM -pbss=RAM \
  -pidata=CODE,irdata=CODE,ibigdata=CODE,ifardata=CODE -prparam=COMRAM \
  C:\Users\ABDULQ~1\AppData\Local\Temp\s2vc.o \
  dist/default/production\Keypad_Security_Lock.X.production.o 

Object code version is 3.11

Machine type is 18F458

Call graph: (short form)




                Name                               Link     Load   Length Selector   Space Scale
C:\Users\ABDULQ~1\AppData\Local\Temp\s2vc.o
                text                               1F50     1F50        2      35E       0
                init                                 54       54        4        4       0
                reset_vec                             0        0        6        0       0
                idloc                            200000   200000        8   200000       0
                config                           300000   300000        E   300000       0
dist/default/production\Keypad_Security_Lock.X.production.o
                intcode                               8        8       4C        4       0
                temp                                 47       47        1        1       1
                smallconst                          600      600       BC      300       0
                text21                             1E56     1E56       2C      35E       0
                text20                             1994     1994      280      35E       0
                text19                             1C7E     1C7E       6A      35E       0
                text18                             1EE2     1EE2       20      35E       0
                text17                             1D9A     1D9A       58      35E       0
                text16                             1EC2     1EC2       20      35E       0
                text15                             146A     146A      2AA      35E       0
                text14                              E60      E60      356      35E       0
                text12                             1E2A     1E2A       2C      35E       0
                text11                             1714     1714      280      35E       0
                text10                             1C14     1C14       6A      35E       0
                text9                              1EA2     1EA2       20      35E       0
                text8                              1D42     1D42       58      35E       0
                text7                              1E82     1E82       20      35E       0
                text6                              11B6     11B6      2B4      35E       0
                text5                               B00      B00      360      35E       0
                text4                              1F3E     1F3E       12      35E       0
                text3                              1CE8     1CE8       5A      35E       0
                text2                               6BC      6BC      444      35E       0
                text1                              1F20     1F20       1E      35E       0
                text0                              1DF2     1DF2       38      35E       0
                cstackCOMRAM                          1        1       26        1       1
                cstackBANK0                          60       60        6       60       1
                bssCOMRAM                            27       27       20        1       1
                cinit                              1F02     1F02       1E      35E       0

TOTAL           Name                               Link     Load   Length     Space
        CLASS   STACK          

        CLASS   CODE           
                intcode                               8        8       4C         0
                text                               1F50     1F50        2         0
                init                                 54       54        4         0
                reset_vec                             0        0        6         0
                text21                             1E56     1E56       2C         0
                text20                             1994     1994      280         0
                text19                             1C7E     1C7E       6A         0
                text18                             1EE2     1EE2       20         0
                text17                             1D9A     1D9A       58         0
                text16                             1EC2     1EC2       20         0
                text15                             146A     146A      2AA         0
                text14                              E60      E60      356         0
                text12                             1E2A     1E2A       2C         0
                text11                             1714     1714      280         0
                text10                             1C14     1C14       6A         0
                text9                              1EA2     1EA2       20         0
                text8                              1D42     1D42       58         0
                text7                              1E82     1E82       20         0
                text6                              11B6     11B6      2B4         0
                text5                               B00      B00      360         0
                text4                              1F3E     1F3E       12         0
                text3                              1CE8     1CE8       5A         0
                text2                               6BC      6BC      444         0
                text1                              1F20     1F20       1E         0
                text0                              1DF2     1DF2       38         0
                cinit                              1F02     1F02       1E         0

        CLASS   CONST          

        CLASS   SMALLCONST     
                smallconst                          600      600       BC         0

        CLASS   MEDIUMCONST    

        CLASS   COMRAM         
                temp                                 47       47        1         1
                cstackCOMRAM                          1        1       26         1
                bssCOMRAM                            27       27       20         1

        CLASS   ABS1           

        CLASS   BIGRAM         

        CLASS   RAM            

        CLASS   BANK0          
                cstackBANK0                          60       60        6         1

        CLASS   BANK1          

        CLASS   BANK2          

        CLASS   BANK3          

        CLASS   BANK4          

        CLASS   BANK5          

        CLASS   SFR            

        CLASS   FARRAM         

        CLASS   CONFIG         
                config                           300000   300000        E         0

        CLASS   IDLOC          
                idloc                            200000   200000        8         0

        CLASS   EEDATA         



SEGMENTS        Name                           Load    Length   Top    Selector   Space  Class

                reset_vec                      000000  000006  000006         0       0  CODE    
                cstackCOMRAM                   000001  000047  000048         1       1  COMRAM  
                intcode                        000008  000050  000058         4       0  CODE    
                cstackBANK0                    000060  000006  000066        60       1  BANK0   
                smallconst                     000600  0000BC  0006BC       300       0  SMALLCON
                text2                          0006BC  001896  001F52       35E       0  CODE    
                idloc                          200000  000008  200008    200000       0  IDLOC   
                config                         300000  00000E  30000E    300000       0  CONFIG  


UNUSED ADDRESS RANGES

        Name                Unused          Largest block    Delta
        BANK0            000066-0000FF               9A
        BANK1            000100-0001FF              100
        BANK2            000200-0002FF              100
        BANK3            000300-0003FF              100
        BANK4            000400-0004FF              100
        BANK5            000500-0005FF              100
        BIGRAM           000048-00005F               18
                         000066-0005FF              59A
        CODE             000006-000007                2
                         000058-0005FF              5A8
                         001F52-007FFF             20AE
        COMRAM           000048-00005F               18
        CONST            000006-000007                2
                         000058-0005FF              5A8
                         001F52-007FFF             60AE
        EEDATA           F00000-F000FF              100
        MEDIUMCONST      001F52-007FFF             60AE
        RAM              000066-0005FF              100
        SFR              000F00-000FFF               60
        SMALLCONST       001F52-007FFF              100
        STACK            000066-0005FF              59A

                                  Symbol Table

?_EE_READ                                                                  cstackCOMRAM 000018
?_keypad                                                                   cstackCOMRAM 000018
?i2_keypad                                                                 cstackCOMRAM 000001
_EEADR                                                                     (abs)        000FA9
_EECON1bits                                                                (abs)        000FA6
_EECON2                                                                    (abs)        000FA7
_EEDATA                                                                    (abs)        000FA8
_EE_READ                                                                   text4        001F3E
_EE_WRT                                                                    text12       001E2A
_GIE                                                                       (abs)        007F97
_INT0IE                                                                    (abs)        007F94
_INT0IF                                                                    (abs)        007F91
_ISR                                                                       intcode      000008
_PIR2bits                                                                  (abs)        000FA1
_PORTA                                                                     (abs)        000F80
_PORTAbits                                                                 (abs)        000F80
_PORTBbits                                                                 (abs)        000F81
_PORTC                                                                     (abs)        000F82
_PORTCbits                                                                 (abs)        000F82
_PORTD                                                                     (abs)        000F83
_TRISA                                                                     (abs)        000F92
_TRISB                                                                     (abs)        000F93
_TRISC                                                                     (abs)        000F94
_TRISD                                                                     (abs)        000F95
_TRISE                                                                     (abs)        000F96
__CFG_BOR$OFF                                                              (abs)        000000
__CFG_BORV$25                                                              (abs)        000000
__CFG_CP0$OFF                                                              (abs)        000000
__CFG_CP1$OFF                                                              (abs)        000000
__CFG_CP2$OFF                                                              (abs)        000000
__CFG_CP3$OFF                                                              (abs)        000000
__CFG_CPB$OFF                                                              (abs)        000000
__CFG_CPD$OFF                                                              (abs)        000000
__CFG_EBTR0$OFF                                                            (abs)        000000
__CFG_EBTR1$OFF                                                            (abs)        000000
__CFG_EBTR2$OFF                                                            (abs)        000000
__CFG_EBTR3$OFF                                                            (abs)        000000
__CFG_EBTRB$OFF                                                            (abs)        000000
__CFG_LVP$OFF                                                              (abs)        000000
__CFG_OSC$HS                                                               (abs)        000000
__CFG_OSCS$OFF                                                             (abs)        000000
__CFG_PWRT$OFF                                                             (abs)        000000
__CFG_STVR$ON                                                              (abs)        000000
__CFG_WDT$OFF                                                              (abs)        000000
__CFG_WDTPS$128                                                            (abs)        000000
__CFG_WRT0$OFF                                                             (abs)        000000
__CFG_WRT1$OFF                                                             (abs)        000000
__CFG_WRT2$OFF                                                             (abs)        000000
__CFG_WRT3$OFF                                                             (abs)        000000
__CFG_WRTB$OFF                                                             (abs)        000000
__CFG_WRTC$OFF                                                             (abs)        000000
__CFG_WRTD$OFF                                                             (abs)        000000
__HRAM                                                                     (abs)        000000
__Habs1                                                                    abs1         000000
__Hbank0                                                                   bank0        000000
__Hbank1                                                                   bank1        000000
__Hbank2                                                                   bank2        000000
__Hbank3                                                                   bank3        000000
__Hbank4                                                                   bank4        000000
__Hbank5                                                                   bank5        000000
__Hbigbss                                                                  bigbss       000000
__Hbigdata                                                                 bigdata      000000
__Hbigram                                                                  bigram       000000
__Hbss                                                                     bss          000000
__HbssCOMRAM                                                               bssCOMRAM    000000
__Hcinit                                                                   cinit        000000
__Hclrtext                                                                 clrtext      000000
__Hcomram                                                                  comram       000000
__Hconfig                                                                  config       30000E
__Hconst                                                                   const        000000
__HcstackBANK0                                                             cstackBANK0  000000
__HcstackCOMRAM                                                            cstackCOMRAM 000000
__Hdata                                                                    data         000000
__Heeprom_data                                                             eeprom_data  000000
__Hfarbss                                                                  farbss       000000
__Hfardata                                                                 fardata      000000
__Hibigdata                                                                ibigdata     000000
__Hidata                                                                   idata        000000
__Hidloc                                                                   idloc        200008
__Hifardata                                                                ifardata     000000
__Hinit                                                                    init         000058
__Hintcode                                                                 intcode      000054
__Hintcode_body                                                            intcode_body 000000
__Hintcodelo                                                               intcodelo    000054
__Hintentry                                                                intentry     000000
__Hintret                                                                  intret       000000
__Hintsave_regs                                                            intsave_regs 000000
__Hirdata                                                                  irdata       000000
__Hmediumconst                                                             mediumconst  000000
__HnvFARRAM                                                                nvFARRAM     000000
__Hnvbit                                                                   nvbit        000000
__Hnvrram                                                                  nvrram       000000
__Hparam                                                                   rparam       000000
__Hpowerup                                                                 powerup      000054
__Hram                                                                     ram          000000
__Hramtop                                                                  ramtop       000600
__Hrbit                                                                    rbit         000000
__Hrbss                                                                    rbss         000000
__Hrdata                                                                   rdata        000000
__Hreset_vec                                                               reset_vec    000006
__Hrparam                                                                  rparam       000000
__Hsfr                                                                     sfr          000000
__Hsmallconst                                                              smallconst   0006BC
__Hspace_0                                                                 (abs)        30000E
__Hspace_1                                                                 (abs)        000066
__Hspace_2                                                                 (abs)        000000
__Hstack                                                                   stack        000000
__Hstruct                                                                  struct       000000
__Htemp                                                                    temp         000048
__Htext                                                                    text         000000
__Htext0                                                                   text0        000000
__Htext1                                                                   text1        000000
__Htext10                                                                  text10       000000
__Htext11                                                                  text11       000000
__Htext12                                                                  text12       000000
__Htext14                                                                  text14       000000
__Htext15                                                                  text15       000000
__Htext16                                                                  text16       000000
__Htext17                                                                  text17       000000
__Htext18                                                                  text18       000000
__Htext19                                                                  text19       000000
__Htext2                                                                   text2        000000
__Htext20                                                                  text20       000000
__Htext21                                                                  text21       000000
__Htext3                                                                   text3        000000
__Htext4                                                                   text4        000000
__Htext5                                                                   text5        000000
__Htext6                                                                   text6        000000
__Htext7                                                                   text7        000000
__Htext8                                                                   text8        000000
__Htext9                                                                   text9        000000
__LRAM                                                                     (abs)        000001
__Labs1                                                                    abs1         000000
__Lbank0                                                                   bank0        000000
__Lbank1                                                                   bank1        000000
__Lbank2                                                                   bank2        000000
__Lbank3                                                                   bank3        000000
__Lbank4                                                                   bank4        000000
__Lbank5                                                                   bank5        000000
__Lbigbss                                                                  bigbss       000000
__Lbigdata                                                                 bigdata      000000
__Lbigram                                                                  bigram       000000
__Lbss                                                                     bss          000000
__LbssCOMRAM                                                               bssCOMRAM    000000
__Lcinit                                                                   cinit        000000
__Lclrtext                                                                 clrtext      000000
__Lcomram                                                                  comram       000000
__Lconfig                                                                  config       300000
__Lconst                                                                   const        000000
__LcstackBANK0                                                             cstackBANK0  000000
__LcstackCOMRAM                                                            cstackCOMRAM 000000
__Ldata                                                                    data         000000
__Leeprom_data                                                             eeprom_data  000000
__Lfarbss                                                                  farbss       000000
__Lfardata                                                                 fardata      000000
__Libigdata                                                                ibigdata     000000
__Lidata                                                                   idata        000000
__Lidloc                                                                   idloc        200000
__Lifardata                                                                ifardata     000000
__Linit                                                                    init         000054
__Lintcode                                                                 intcode      000008
__Lintcode_body                                                            intcode_body 000000
__Lintcodelo                                                               intcodelo    000054
__Lintentry                                                                intentry     000000
__Lintret                                                                  intret       000000
__Lintsave_regs                                                            intsave_regs 000000
__Lirdata                                                                  irdata       000000
__Lmediumconst                                                             mediumconst  000000
__LnvFARRAM                                                                nvFARRAM     000000
__Lnvbit                                                                   nvbit        000000
__Lnvrram                                                                  nvrram       000000
__Lparam                                                                   rparam       000000
__Lpowerup                                                                 powerup      000054
__Lram                                                                     ram          000000
__Lramtop                                                                  ramtop       000600
__Lrbit                                                                    rbit         000000
__Lrbss                                                                    rbss         000000
__Lrdata                                                                   rdata        000000
__Lreset_vec                                                               reset_vec    000000
__Lrparam                                                                  rparam       000000
__Lsfr                                                                     sfr          000000
__Lsmallconst                                                              smallconst   000600
__Lspace_0                                                                 (abs)        000000
__Lspace_1                                                                 (abs)        000000
__Lspace_2                                                                 (abs)        000000
__Lstack                                                                   stack        000000
__Lstruct                                                                  struct       000000
__Ltemp                                                                    temp         000047
__Ltext                                                                    text         000000
__Ltext0                                                                   text0        000000
__Ltext1                                                                   text1        000000
__Ltext10                                                                  text10       000000
__Ltext11                                                                  text11       000000
__Ltext12                                                                  text12       000000
__Ltext14                                                                  text14       000000
__Ltext15                                                                  text15       000000
__Ltext16                                                                  text16       000000
__Ltext17                                                                  text17       000000
__Ltext18                                                                  text18       000000
__Ltext19                                                                  text19       000000
__Ltext2                                                                   text2        000000
__Ltext20                                                                  text20       000000
__Ltext21                                                                  text21       000000
__Ltext3                                                                   text3        000000
__Ltext4                                                                   text4        000000
__Ltext5                                                                   text5        000000
__Ltext6                                                                   text6        000000
__Ltext7                                                                   text7        000000
__Ltext8                                                                   text8        000000
__Ltext9                                                                   text9        000000
__S0                                                                       (abs)        30000E
__S1                                                                       (abs)        000066
__S2                                                                       (abs)        000000
___inthi_sp                                                                stack        000000
___intlo_sp                                                                stack        000000
___param_bank                                                              (abs)        000000
___rparam_used                                                             (abs)        000001
___sp                                                                      stack        000000
__accesstop                                                                (abs)        000060
__activetblptr                                                             (abs)        000001
__cntErrataNOP_C:\Users\ABDULQ~1\AppData\Local\Temp\s2vc.o                 (abs)        000001
__cntErrataNOP_dist/default/production\Keypad_Security_Lock.X.production.o (abs)        000167
__end_of_EE_READ                                                           text4        001F50
__end_of_EE_WRT                                                            text12       001E56
__end_of_ISR                                                               intcode      000054
__end_of__initialization                                                   cinit        001F0E
__end_of_change_pass                                                       text6        00146A
__end_of_check_pass                                                        text2        000B00
__end_of_delay                                                             text10       001C7E
__end_of_keypad                                                            text11       001994
__end_of_lcd_initialize                                                    text1        001F3E
__end_of_lcd_string                                                        text8        001D9A
__end_of_lcdcmd                                                            text7        001EA2
__end_of_lcddata                                                           text9        001EC2
__end_of_main                                                              text0        001E2A
__end_of_master_pass                                                       smallconst   00060B
__end_of_master_pass_fun                                                   text5        000E60
__end_of_read_pass                                                         text3        001D42
__end_ofi2_EE_WRT                                                          text21       001E82
__end_ofi2_change_pass                                                     text15       001714
__end_ofi2_delay                                                           text19       001CE8
__end_ofi2_keypad                                                          text20       001C14
__end_ofi2_lcd_string                                                      text17       001DF2
__end_ofi2_lcdcmd                                                          text16       001EE2
__end_ofi2_lcddata                                                         text18       001F02
__end_ofi2_master_pass_fun                                                 text14       0011B6
__initialization                                                           cinit        001F02
__mediumconst                                                              mediumconst  000000
__pbssCOMRAM                                                               bssCOMRAM    000027
__pcinit                                                                   cinit        001F02
__pcstackBANK0                                                             cstackBANK0  000060
__pcstackCOMRAM                                                            cstackCOMRAM 000001
__pintcode                                                                 intcode      000008
__psmallconst                                                              smallconst   000600
__ptext0                                                                   text0        001DF2
__ptext1                                                                   text1        001F20
__ptext10                                                                  text10       001C14
__ptext11                                                                  text11       001714
__ptext12                                                                  text12       001E2A
__ptext14                                                                  text14       000E60
__ptext15                                                                  text15       00146A
__ptext16                                                                  text16       001EC2
__ptext17                                                                  text17       001D9A
__ptext18                                                                  text18       001EE2
__ptext19                                                                  text19       001C7E
__ptext2                                                                   text2        0006BC
__ptext20                                                                  text20       001994
__ptext21                                                                  text21       001E56
__ptext3                                                                   text3        001CE8
__ptext4                                                                   text4        001F3E
__ptext5                                                                   text5        000B00
__ptext6                                                                   text6        0011B6
__ptext7                                                                   text7        001E82
__ptext8                                                                   text8        001D42
__ptext9                                                                   text9        001EA2
__ramtop                                                                   ramtop       000600
__size_of_EE_READ                                                          (abs)        000000
__size_of_EE_WRT                                                           (abs)        000000
__size_of_ISR                                                              (abs)        000000
__size_of_change_pass                                                      (abs)        000000
__size_of_check_pass                                                       (abs)        000000
__size_of_delay                                                            (abs)        000000
__size_of_keypad                                                           (abs)        000000
__size_of_lcd_initialize                                                   (abs)        000000
__size_of_lcd_string                                                       (abs)        000000
__size_of_lcdcmd                                                           (abs)        000000
__size_of_lcddata                                                          (abs)        000000
__size_of_main                                                             (abs)        000000
__size_of_master_pass_fun                                                  (abs)        000000
__size_of_read_pass                                                        (abs)        000000
__size_ofi2_EE_WRT                                                         (abs)        000000
__size_ofi2_change_pass                                                    (abs)        000000
__size_ofi2_delay                                                          (abs)        000000
__size_ofi2_keypad                                                         (abs)        000000
__size_ofi2_lcd_string                                                     (abs)        000000
__size_ofi2_lcdcmd                                                         (abs)        000000
__size_ofi2_lcddata                                                        (abs)        000000
__size_ofi2_master_pass_fun                                                (abs)        000000
__smallconst                                                               smallconst   000600
_change_pass                                                               text6        0011B6
_check                                                                     bssCOMRAM    00003B
_check_m                                                                   bssCOMRAM    000031
_check_pass                                                                text2        0006BC
_count                                                                     bssCOMRAM    000045
_delay                                                                     text10       001C14
_keypad                                                                    text11       001714
_lcd_initialize                                                            text1        001F20
_lcd_string                                                                text8        001D42
_lcdcmd                                                                    text7        001E82
_lcddata                                                                   text9        001EA2
_main                                                                      text0        001DF2
_master_pass                                                               smallconst   000601
_master_pass_fun                                                           text5        000B00
_password                                                                  bssCOMRAM    000027
_read_pass                                                                 text3        001CE8
btemp                                                                      temp         000047
change_pass@temp_1                                                         cstackBANK0  000060
check_pass@temp                                                            cstackBANK0  000064
delay@i                                                                    cstackCOMRAM 00001B
delay@j                                                                    cstackCOMRAM 00001D
delay@ms                                                                   cstackCOMRAM 000018
end_of_initialization                                                      cinit        001F0E
i2_EE_WRT                                                                  text21       001E56
i2_change_pass                                                             text15       00146A
i2_delay                                                                   text19       001C7E
i2_keypad                                                                  text20       001994
i2_lcd_string                                                              text17       001D9A
i2_lcdcmd                                                                  text16       001EC2
i2_lcddata                                                                 text18       001EE2
i2_master_pass_fun                                                         text14       000E60
i2change_pass@temp_1                                                       cstackCOMRAM 000010
i2delay@i                                                                  cstackCOMRAM 000004
i2delay@j                                                                  cstackCOMRAM 000006
i2delay@ms                                                                 cstackCOMRAM 000001
i2lcd_string@i                                                             cstackCOMRAM 00000E
i2lcd_string@num                                                           cstackCOMRAM 00000B
i2lcd_string@str                                                           cstackCOMRAM 000009
i2lcdcmd@value                                                             cstackCOMRAM 000008
i2lcddata@value                                                            cstackCOMRAM 000008
i2master_pass_fun@temp_1                                                   cstackCOMRAM 000012
int$flags                                                                  temp         000047
intlevel0                                                                  text         001F50
intlevel1                                                                  text         001F50
intlevel2                                                                  text         001F50
intlevel3                                                                  text         001F50
lcd_string@i                                                               cstackCOMRAM 000025
lcd_string@num                                                             cstackCOMRAM 000022
lcd_string@str                                                             cstackCOMRAM 000020
lcdcmd@value                                                               cstackCOMRAM 00001F
lcddata@value                                                              cstackCOMRAM 00001F
master_pass_fun@temp_1                                                     cstackBANK0  000062
stackhi                                                                    (abs)        0005FF
stacklo                                                                    (abs)        000066
start                                                                      init         000054
start_initialization                                                       cinit        001F02
ttemp5                                                                     temp         000048
ttemp6                                                                     temp         00004B
ttemp7                                                                     temp         00004F
wtemp8                                                                     temp         000048


FUNCTION INFORMATION:

 *************** function _main *****************
 Defined at:
		line 93 in file "Keypad_Security_Lock.c"
 Parameters:    Size  Location     Type
		None
 Auto vars:     Size  Location     Type
		None
 Return value:  Size  Location     Type
                  1    wreg      void 
 Registers used:
		wreg, status,2, status,0, tblptrl, tblptrh, tblptru, cstack
 Tracked objects:
		On entry : 
		On exit  : 
		Unchanged: 
 Data sizes:     COMRAM   BANK0   BANK1   BANK2   BANK3   BANK4   BANK5
      Params:         0       0       0       0       0       0       0
      Locals:         0       0       0       0       0       0       0
      Temps:          0       0       0       0       0       0       0
      Totals:         0       0       0       0       0       0       0
Total ram usage:        0 bytes
 Hardware stack levels required when called:   12
 This function calls:
		_check_pass
		_lcd_initialize
 This function is called by:
		Startup code after reset
 This function uses a non-reentrant model


 *************** function _lcd_initialize *****************
 Defined at:
		line 212 in file "Keypad_Security_Lock.c"
 Parameters:    Size  Location     Type
		None
 Auto vars:     Size  Location     Type
		None
 Return value:  Size  Location     Type
                  1    wreg      void 
 Registers used:
		wreg, status,2, status,0, cstack
 Tracked objects:
		On entry : 
		On exit  : 
		Unchanged: 
 Data sizes:     COMRAM   BANK0   BANK1   BANK2   BANK3   BANK4   BANK5
      Params:         0       0       0       0       0       0       0
      Locals:         0       0       0       0       0       0       0
      Temps:          0       0       0       0       0       0       0
      Totals:         0       0       0       0       0       0       0
Total ram usage:        0 bytes
 Hardware stack levels used:    1
 Hardware stack levels required when called:    8
 This function calls:
		_lcdcmd
 This function is called by:
		_main
 This function uses a non-reentrant model


 *************** function _check_pass *****************
 Defined at:
		line 239 in file "Keypad_Security_Lock.c"
 Parameters:    Size  Location     Type
		None
 Auto vars:     Size  Location     Type
  temp            2    4[BANK0 ] int 
 Return value:  Size  Location     Type
                  1    wreg      void 
 Registers used:
		wreg, status,2, status,0, tblptrl, tblptrh, tblptru, cstack
 Tracked objects:
		On entry : 
		On exit  : 
		Unchanged: 
 Data sizes:     COMRAM   BANK0   BANK1   BANK2   BANK3   BANK4   BANK5
      Params:         0       0       0       0       0       0       0
      Locals:         0       2       0       0       0       0       0
      Temps:          0       0       0       0       0       0       0
      Totals:         0       2       0       0       0       0       0
Total ram usage:        2 bytes
 Hardware stack levels used:    1
 Hardware stack levels required when called:   11
 This function calls:
		_delay
		_keypad
		_lcd_string
		_lcdcmd
		_lcddata
		_master_pass_fun
		_read_pass
 This function is called by:
		_main
 This function uses a non-reentrant model


 *************** function _read_pass *****************
 Defined at:
		line 528 in file "Keypad_Security_Lock.c"
 Parameters:    Size  Location     Type
		None
 Auto vars:     Size  Location     Type
		None
 Return value:  Size  Location     Type
                  1    wreg      void 
 Registers used:
		wreg, status,2, cstack
 Tracked objects:
		On entry : 
		On exit  : 
		Unchanged: 
 Data sizes:     COMRAM   BANK0   BANK1   BANK2   BANK3   BANK4   BANK5
      Params:         0       0       0       0       0       0       0
      Locals:         0       0       0       0       0       0       0
      Temps:          0       0       0       0       0       0       0
      Totals:         0       0       0       0       0       0       0
Total ram usage:        0 bytes
 Hardware stack levels used:    1
 Hardware stack levels required when called:    7
 This function calls:
		_EE_READ
 This function is called by:
		_check_pass
 This function uses a non-reentrant model


 *************** function _EE_READ *****************
 Defined at:
		line 219 in file "Keypad_Security_Lock.c"
 Parameters:    Size  Location     Type
		None
 Auto vars:     Size  Location     Type
		None
 Return value:  Size  Location     Type
                  2   23[COMRAM] unsigned int 
 Registers used:
		None
 Tracked objects:
		On entry : 
		On exit  : 
		Unchanged: 
 Data sizes:     COMRAM   BANK0   BANK1   BANK2   BANK3   BANK4   BANK5
      Params:         2       0       0       0       0       0       0
      Locals:         0       0       0       0       0       0       0
      Temps:          0       0       0       0       0       0       0
      Totals:         2       0       0       0       0       0       0
Total ram usage:        2 bytes
 Hardware stack levels used:    1
 Hardware stack levels required when called:    6
 This function calls:
		Nothing
 This function is called by:
		_read_pass
 This function uses a non-reentrant model


 *************** function _master_pass_fun *****************
 Defined at:
		line 355 in file "Keypad_Security_Lock.c"
 Parameters:    Size  Location     Type
		None
 Auto vars:     Size  Location     Type
  temp_1          2    2[BANK0 ] int 
 Return value:  Size  Location     Type
                  1    wreg      void 
 Registers used:
		wreg, status,2, status,0, tblptrl, tblptrh, tblptru, cstack
 Tracked objects:
		On entry : 
		On exit  : 
		Unchanged: 
 Data sizes:     COMRAM   BANK0   BANK1   BANK2   BANK3   BANK4   BANK5
      Params:         0       0       0       0       0       0       0
      Locals:         0       2       0       0       0       0       0
      Temps:          0       0       0       0       0       0       0
      Totals:         0       2       0       0       0       0       0
Total ram usage:        2 bytes
 Hardware stack levels used:    1
 Hardware stack levels required when called:   10
 This function calls:
		_change_pass
		_delay
		_keypad
		_lcd_string
		_lcdcmd
		_lcddata
 This function is called by:
		_check_pass
 This function uses a non-reentrant model


 *************** function _change_pass *****************
 Defined at:
		line 439 in file "Keypad_Security_Lock.c"
 Parameters:    Size  Location     Type
		None
 Auto vars:     Size  Location     Type
  temp_1          2    0[BANK0 ] int 
 Return value:  Size  Location     Type
                  1    wreg      void 
 Registers used:
		wreg, status,2, status,0, tblptrl, tblptrh, tblptru, cstack
 Tracked objects:
		On entry : 
		On exit  : 
		Unchanged: 
 Data sizes:     COMRAM   BANK0   BANK1   BANK2   BANK3   BANK4   BANK5
      Params:         0       0       0       0       0       0       0
      Locals:         0       2       0       0       0       0       0
      Temps:          0       0       0       0       0       0       0
      Totals:         0       2       0       0       0       0       0
Total ram usage:        2 bytes
 Hardware stack levels used:    1
 Hardware stack levels required when called:    9
 This function calls:
		_EE_WRT
		_delay
		_keypad
		_lcd_string
		_lcdcmd
		_lcddata
 This function is called by:
		_master_pass_fun
 This function uses a non-reentrant model


 *************** function _lcdcmd *****************
 Defined at:
		line 187 in file "Keypad_Security_Lock.c"
 Parameters:    Size  Location     Type
  value           1    wreg     unsigned char 
 Auto vars:     Size  Location     Type
  value           1   30[COMRAM] unsigned char 
 Return value:  Size  Location     Type
                  1    wreg      void 
 Registers used:
		wreg, status,2, status,0, cstack
 Tracked objects:
		On entry : 
		On exit  : 
		Unchanged: 
 Data sizes:     COMRAM   BANK0   BANK1   BANK2   BANK3   BANK4   BANK5
      Params:         0       0       0       0       0       0       0
      Locals:         1       0       0       0       0       0       0
      Temps:          0       0       0       0       0       0       0
      Totals:         1       0       0       0       0       0       0
Total ram usage:        1 bytes
 Hardware stack levels used:    1
 Hardware stack levels required when called:    7
 This function calls:
		_delay
 This function is called by:
		_lcd_initialize
		_check_pass
		_master_pass_fun
		_change_pass
 This function uses a non-reentrant model


 *************** function _lcd_string *****************
 Defined at:
		line 205 in file "Keypad_Security_Lock.c"
 Parameters:    Size  Location     Type
  str             2   31[COMRAM] PTR unsigned char 
		 -> STR_15(15), STR_14(13), STR_13(17), STR_12(15), 
		 -> STR_11(10), STR_10(17), STR_9(17), STR_8(17), 
		 -> STR_7(14), STR_6(14), STR_5(14), STR_4(15), 
		 -> STR_3(9), STR_2(17), STR_1(15), 
  num             1   33[COMRAM] unsigned char 
 Auto vars:     Size  Location     Type
  i               2   36[COMRAM] unsigned int 
 Return value:  Size  Location     Type
                  1    wreg      void 
 Registers used:
		wreg, status,2, status,0, tblptrl, tblptrh, tblptru, cstack
 Tracked objects:
		On entry : 
		On exit  : 
		Unchanged: 
 Data sizes:     COMRAM   BANK0   BANK1   BANK2   BANK3   BANK4   BANK5
      Params:         3       0       0       0       0       0       0
      Locals:         2       0       0       0       0       0       0
      Temps:          2       0       0       0       0       0       0
      Totals:         7       0       0       0       0       0       0
Total ram usage:        7 bytes
 Hardware stack levels used:    1
 Hardware stack levels required when called:    8
 This function calls:
		_lcddata
 This function is called by:
		_check_pass
		_master_pass_fun
		_change_pass
 This function uses a non-reentrant model


 *************** function _lcddata *****************
 Defined at:
		line 196 in file "Keypad_Security_Lock.c"
 Parameters:    Size  Location     Type
  value           1    wreg     unsigned char 
 Auto vars:     Size  Location     Type
  value           1   30[COMRAM] unsigned char 
 Return value:  Size  Location     Type
                  1    wreg      void 
 Registers used:
		wreg, status,2, status,0, cstack
 Tracked objects:
		On entry : 
		On exit  : 
		Unchanged: 
 Data sizes:     COMRAM   BANK0   BANK1   BANK2   BANK3   BANK4   BANK5
      Params:         0       0       0       0       0       0       0
      Locals:         1       0       0       0       0       0       0
      Temps:          0       0       0       0       0       0       0
      Totals:         1       0       0       0       0       0       0
Total ram usage:        1 bytes
 Hardware stack levels used:    1
 Hardware stack levels required when called:    7
 This function calls:
		_delay
 This function is called by:
		_lcd_string
		_check_pass
		_master_pass_fun
		_change_pass
 This function uses a non-reentrant model


 *************** function _delay *****************
 Defined at:
		line 180 in file "Keypad_Security_Lock.c"
 Parameters:    Size  Location     Type
  ms              2   23[COMRAM] int 
 Auto vars:     Size  Location     Type
  j               2   28[COMRAM] int 
  i               2   26[COMRAM] int 
 Return value:  Size  Location     Type
                  1    wreg      void 
 Registers used:
		wreg, status,2, status,0
 Tracked objects:
		On entry : 
		On exit  : 
		Unchanged: 
 Data sizes:     COMRAM   BANK0   BANK1   BANK2   BANK3   BANK4   BANK5
      Params:         2       0       0       0       0       0       0
      Locals:         4       0       0       0       0       0       0
      Temps:          1       0       0       0       0       0       0
      Totals:         7       0       0       0       0       0       0
Total ram usage:        7 bytes
 Hardware stack levels used:    1
 Hardware stack levels required when called:    6
 This function calls:
		Nothing
 This function is called by:
		_lcdcmd
		_lcddata
		_check_pass
		_master_pass_fun
		_change_pass
 This function uses a non-reentrant model


 *************** function _keypad *****************
 Defined at:
		line 117 in file "Keypad_Security_Lock.c"
 Parameters:    Size  Location     Type
		None
 Auto vars:     Size  Location     Type
		None
 Return value:  Size  Location     Type
                  2   23[COMRAM] int 
 Registers used:
		wreg, status,2
 Tracked objects:
		On entry : 
		On exit  : 
		Unchanged: 
 Data sizes:     COMRAM   BANK0   BANK1   BANK2   BANK3   BANK4   BANK5
      Params:         2       0       0       0       0       0       0
      Locals:         0       0       0       0       0       0       0
      Temps:          0       0       0       0       0       0       0
      Totals:         2       0       0       0       0       0       0
Total ram usage:        2 bytes
 Hardware stack levels used:    1
 Hardware stack levels required when called:    6
 This function calls:
		Nothing
 This function is called by:
		_check_pass
		_master_pass_fun
		_change_pass
 This function uses a non-reentrant model


 *************** function _EE_WRT *****************
 Defined at:
		line 226 in file "Keypad_Security_Lock.c"
 Parameters:    Size  Location     Type
		None
 Auto vars:     Size  Location     Type
		None
 Return value:  Size  Location     Type
                  1    wreg      void 
 Registers used:
		wreg, status,2
 Tracked objects:
		On entry : 
		On exit  : 
		Unchanged: 
 Data sizes:     COMRAM   BANK0   BANK1   BANK2   BANK3   BANK4   BANK5
      Params:         0       0       0       0       0       0       0
      Locals:         0       0       0       0       0       0       0
      Temps:          0       0       0       0       0       0       0
      Totals:         0       0       0       0       0       0       0
Total ram usage:        0 bytes
 Hardware stack levels used:    1
 Hardware stack levels required when called:    6
 This function calls:
		Nothing
 This function is called by:
		_change_pass
 This function uses a non-reentrant model


 *************** function _ISR *****************
 Defined at:
		line 84 in file "Keypad_Security_Lock.c"
 Parameters:    Size  Location     Type
		None
 Auto vars:     Size  Location     Type
		None
 Return value:  Size  Location     Type
                  1    wreg      void 
 Registers used:
		wreg, status,2, status,0, tblptrl, tblptrh, tblptru, cstack
 Tracked objects:
		On entry : 
		On exit  : 
		Unchanged: 
 Data sizes:     COMRAM   BANK0   BANK1   BANK2   BANK3   BANK4   BANK5
      Params:         0       0       0       0       0       0       0
      Locals:         0       0       0       0       0       0       0
      Temps:          4       0       0       0       0       0       0
      Totals:         4       0       0       0       0       0       0
Total ram usage:        4 bytes
 Hardware stack levels used:    1
 Hardware stack levels required when called:    5
 This function calls:
		i2_lcdcmd
		i2_master_pass_fun
 This function is called by:
		Interrupt level 2
 This function uses a non-reentrant model


 *************** function i2_master_pass_fun *****************
 Defined at:
		line 355 in file "Keypad_Security_Lock.c"
 Parameters:    Size  Location     Type
		None
 Auto vars:     Size  Location     Type
  master_pass_    2   17[COMRAM] int 
 Return value:  Size  Location     Type
                  1    wreg      void 
 Registers used:
		wreg, status,2, status,0, tblptrl, tblptrh, tblptru, cstack
 Tracked objects:
		On entry : 
		On exit  : 
		Unchanged: 
 Data sizes:     COMRAM   BANK0   BANK1   BANK2   BANK3   BANK4   BANK5
      Params:         0       0       0       0       0       0       0
      Locals:         2       0       0       0       0       0       0
      Temps:          0       0       0       0       0       0       0
      Totals:         2       0       0       0       0       0       0
Total ram usage:        2 bytes
 Hardware stack levels used:    1
 Hardware stack levels required when called:    4
 This function calls:
		i2_change_pass
		i2_delay
		i2_keypad
		i2_lcd_string
		i2_lcdcmd
		i2_lcddata
 This function is called by:
		_ISR
 This function uses a non-reentrant model


 *************** function i2_change_pass *****************
 Defined at:
		line 439 in file "Keypad_Security_Lock.c"
 Parameters:    Size  Location     Type
		None
 Auto vars:     Size  Location     Type
  change_pass     2   15[COMRAM] int 
 Return value:  Size  Location     Type
                  1    wreg      void 
 Registers used:
		wreg, status,2, status,0, tblptrl, tblptrh, tblptru, cstack
 Tracked objects:
		On entry : 
		On exit  : 
		Unchanged: 
 Data sizes:     COMRAM   BANK0   BANK1   BANK2   BANK3   BANK4   BANK5
      Params:         0       0       0       0       0       0       0
      Locals:         2       0       0       0       0       0       0
      Temps:          0       0       0       0       0       0       0
      Totals:         2       0       0       0       0       0       0
Total ram usage:        2 bytes
 Hardware stack levels used:    1
 Hardware stack levels required when called:    3
 This function calls:
		i2_EE_WRT
		i2_delay
		i2_keypad
		i2_lcd_string
		i2_lcdcmd
		i2_lcddata
 This function is called by:
		i2_master_pass_fun
 This function uses a non-reentrant model


 *************** function i2_lcdcmd *****************
 Defined at:
		line 187 in file "Keypad_Security_Lock.c"
 Parameters:    Size  Location     Type
  value           1    wreg     unsigned char 
 Auto vars:     Size  Location     Type
  value           1    7[COMRAM] unsigned char 
 Return value:  Size  Location     Type
                  1    wreg      void 
 Registers used:
		wreg, status,2, status,0, cstack
 Tracked objects:
		On entry : 
		On exit  : 
		Unchanged: 
 Data sizes:     COMRAM   BANK0   BANK1   BANK2   BANK3   BANK4   BANK5
      Params:         0       0       0       0       0       0       0
      Locals:         1       0       0       0       0       0       0
      Temps:          0       0       0       0       0       0       0
      Totals:         1       0       0       0       0       0       0
Total ram usage:        1 bytes
 Hardware stack levels used:    1
 Hardware stack levels required when called:    1
 This function calls:
		i2_delay
 This function is called by:
		_ISR
		i2_master_pass_fun
		i2_change_pass
 This function uses a non-reentrant model


 *************** function i2_lcd_string *****************
 Defined at:
		line 205 in file "Keypad_Security_Lock.c"
 Parameters:    Size  Location     Type
  str             2    8[COMRAM] PTR unsigned char 
		 -> STR_15(15), STR_14(13), STR_13(17), STR_12(15), 
		 -> STR_11(10), STR_10(17), STR_9(17), STR_8(17), 
		 -> STR_7(14), STR_6(14), STR_5(14), STR_4(15), 
		 -> STR_3(9), STR_2(17), STR_1(15), 
  num             1   10[COMRAM] unsigned char 
 Auto vars:     Size  Location     Type
  lcd_string      2   13[COMRAM] unsigned int 
 Return value:  Size  Location     Type
                  1    wreg      void 
 Registers used:
		wreg, status,2, status,0, tblptrl, tblptrh, tblptru, cstack
 Tracked objects:
		On entry : 
		On exit  : 
		Unchanged: 
 Data sizes:     COMRAM   BANK0   BANK1   BANK2   BANK3   BANK4   BANK5
      Params:         3       0       0       0       0       0       0
      Locals:         2       0       0       0       0       0       0
      Temps:          2       0       0       0       0       0       0
      Totals:         7       0       0       0       0       0       0
Total ram usage:        7 bytes
 Hardware stack levels used:    1
 Hardware stack levels required when called:    2
 This function calls:
		i2_lcddata
 This function is called by:
		i2_master_pass_fun
		i2_change_pass
 This function uses a non-reentrant model


 *************** function i2_lcddata *****************
 Defined at:
		line 196 in file "Keypad_Security_Lock.c"
 Parameters:    Size  Location     Type
  value           1    wreg     unsigned char 
 Auto vars:     Size  Location     Type
  value           1    7[COMRAM] unsigned char 
 Return value:  Size  Location     Type
                  1    wreg      void 
 Registers used:
		wreg, status,2, status,0, cstack
 Tracked objects:
		On entry : 
		On exit  : 
		Unchanged: 
 Data sizes:     COMRAM   BANK0   BANK1   BANK2   BANK3   BANK4   BANK5
      Params:         0       0       0       0       0       0       0
      Locals:         1       0       0       0       0       0       0
      Temps:          0       0       0       0       0       0       0
      Totals:         1       0       0       0       0       0       0
Total ram usage:        1 bytes
 Hardware stack levels used:    1
 Hardware stack levels required when called:    1
 This function calls:
		i2_delay
 This function is called by:
		i2_lcd_string
		i2_master_pass_fun
		i2_change_pass
 This function uses a non-reentrant model


 *************** function i2_delay *****************
 Defined at:
		line 180 in file "Keypad_Security_Lock.c"
 Parameters:    Size  Location     Type
  ms              2    0[COMRAM] int 
 Auto vars:     Size  Location     Type
  delay           2    5[COMRAM] int 
  delay           2    3[COMRAM] int 
 Return value:  Size  Location     Type
                  1    wreg      void 
 Registers used:
		wreg, status,2, status,0
 Tracked objects:
		On entry : 
		On exit  : 
		Unchanged: 
 Data sizes:     COMRAM   BANK0   BANK1   BANK2   BANK3   BANK4   BANK5
      Params:         2       0       0       0       0       0       0
      Locals:         4       0       0       0       0       0       0
      Temps:          1       0       0       0       0       0       0
      Totals:         7       0       0       0       0       0       0
Total ram usage:        7 bytes
 Hardware stack levels used:    1
 This function calls:
		Nothing
 This function is called by:
		i2_lcdcmd
		i2_lcddata
		i2_master_pass_fun
		i2_change_pass
 This function uses a non-reentrant model


 *************** function i2_keypad *****************
 Defined at:
		line 117 in file "Keypad_Security_Lock.c"
 Parameters:    Size  Location     Type
		None
 Auto vars:     Size  Location     Type
		None
 Return value:  Size  Location     Type
                  2    0[COMRAM] int 
 Registers used:
		wreg, status,2
 Tracked objects:
		On entry : 
		On exit  : 
		Unchanged: 
 Data sizes:     COMRAM   BANK0   BANK1   BANK2   BANK3   BANK4   BANK5
      Params:         2       0       0       0       0       0       0
      Locals:         0       0       0       0       0       0       0
      Temps:          0       0       0       0       0       0       0
      Totals:         2       0       0       0       0       0       0
Total ram usage:        2 bytes
 Hardware stack levels used:    1
 This function calls:
		Nothing
 This function is called by:
		i2_master_pass_fun
		i2_change_pass
 This function uses a non-reentrant model


 *************** function i2_EE_WRT *****************
 Defined at:
		line 226 in file "Keypad_Security_Lock.c"
 Parameters:    Size  Location     Type
		None
 Auto vars:     Size  Location     Type
		None
 Return value:  Size  Location     Type
                  1    wreg      void 
 Registers used:
		wreg, status,2
 Tracked objects:
		On entry : 
		On exit  : 
		Unchanged: 
 Data sizes:     COMRAM   BANK0   BANK1   BANK2   BANK3   BANK4   BANK5
      Params:         0       0       0       0       0       0       0
      Locals:         0       0       0       0       0       0       0
      Temps:          0       0       0       0       0       0       0
      Totals:         0       0       0       0       0       0       0
Total ram usage:        0 bytes
 Hardware stack levels used:    1
 This function calls:
		Nothing
 This function is called by:
		i2_change_pass
 This function uses a non-reentrant model



MODULE INFORMATION

Module		Function		Class		Link	Load	Size
Keypad_Security_Lock.c
		_delay         		CODE           	1C14	0000	107
		_ISR           		CODE           	0008	0000	77
		_lcd_initialize		CODE           	1F20	0000	31
		_main          		CODE           	1DF2	0000	57
		_keypad        		CODE           	1714	0000	641
		_lcdcmd        		CODE           	1E82	0000	33
		_check_pass    		CODE           	06BC	0000	1093
		_EE_READ       		CODE           	1F3E	0000	19
		_lcddata       		CODE           	1EA2	0000	33
		_master_pass_fun		CODE           	0B00	0000	865
		_read_pass     		CODE           	1CE8	0000	91
		_change_pass   		CODE           	11B6	0000	693
		_EE_WRT        		CODE           	1E2A	0000	45
		_lcd_string    		CODE           	1D42	0000	89

Keypad_Security_Lock.c estimated size: 3874

shared
		i2_keypad      		CODE           	1994	0000	641
		i2_lcdcmd      		CODE           	1EC2	0000	33
		i2_lcddata     		CODE           	1EE2	0000	33
		_master_pass   		SMALLCONST     	0601	0000	11
		i2_master_pass_fun		CODE           	0E60	0000	855
		i2_EE_WRT      		CODE           	1E56	0000	45
		i2_change_pass 		CODE           	146A	0000	683
		__initialization		CODE           	1F02	0000	13
		i2_delay       		CODE           	1C7E	0000	107
		i2_lcd_string  		CODE           	1D9A	0000	89

shared estimated size: 2510

