MPLINK 5.09, LINKER
Linker Map File - Created Tue Sep 29 10:18:39 2020

                                 Section Info
                  Section       Type    Address   Location Size(Bytes)
                ---------  ---------  ---------  ---------  ---------
                   .org_0       code   0x000000    program   0x00015a
                   .cinit    romdata   0x00015a    program   0x000002
.config_300000_BUILD/DEFAULT/PRODUCTION/LAB 1.O    romdata   0x300000    program   0x000001
.config_300001_BUILD/DEFAULT/PRODUCTION/LAB 1.O    romdata   0x300001    program   0x000001
.config_300002_BUILD/DEFAULT/PRODUCTION/LAB 1.O    romdata   0x300002    program   0x000001
.config_300003_BUILD/DEFAULT/PRODUCTION/LAB 1.O    romdata   0x300003    program   0x000001
.config_300005_BUILD/DEFAULT/PRODUCTION/LAB 1.O    romdata   0x300005    program   0x000001
.config_300006_BUILD/DEFAULT/PRODUCTION/LAB 1.O    romdata   0x300006    program   0x000001
.config_300008_BUILD/DEFAULT/PRODUCTION/LAB 1.O    romdata   0x300008    program   0x000001
.config_300009_BUILD/DEFAULT/PRODUCTION/LAB 1.O    romdata   0x300009    program   0x000001
.config_30000A_BUILD/DEFAULT/PRODUCTION/LAB 1.O    romdata   0x30000a    program   0x000001
.config_30000B_BUILD/DEFAULT/PRODUCTION/LAB 1.O    romdata   0x30000b    program   0x000001
.config_30000C_BUILD/DEFAULT/PRODUCTION/LAB 1.O    romdata   0x30000c    program   0x000001
.config_30000D_BUILD/DEFAULT/PRODUCTION/LAB 1.O    romdata   0x30000d    program   0x000001



                              Program Memory Usage 
                               Start         End      
                           ---------   ---------      
                            0x000000    0x00015b      
                            0x300000    0x300003      
                            0x300005    0x300006      
                            0x300008    0x30000d      
            360 out of 33048 program addresses used, program memory utilization is 1%



                              Symbols - Sorted by Name
                     Name    Address   Location    Storage File                     
                ---------  ---------  ---------  --------- ---------                
                    AGAIN   0x000014    program     static D:\4th Semester\EE222-LAB\PIC18 LABs\lab 1.X\lab 1.asm
                     AGN4   0x00013e    program     static D:\4th Semester\EE222-LAB\PIC18 LABs\lab 1.X\lab 1.asm
                     AGN5   0x000142    program     static D:\4th Semester\EE222-LAB\PIC18 LABs\lab 1.X\lab 1.asm
                     AGN6   0x000146    program     static D:\4th Semester\EE222-LAB\PIC18 LABs\lab 1.X\lab 1.asm
                    DELAY   0x00013a    program     static D:\4th Semester\EE222-LAB\PIC18 LABs\lab 1.X\lab 1.asm



                              Symbols - Sorted by Address
                     Name    Address   Location    Storage File                     
                ---------  ---------  ---------  --------- ---------                
                    AGAIN   0x000014    program     static D:\4th Semester\EE222-LAB\PIC18 LABs\lab 1.X\lab 1.asm
                    DELAY   0x00013a    program     static D:\4th Semester\EE222-LAB\PIC18 LABs\lab 1.X\lab 1.asm
                     AGN4   0x00013e    program     static D:\4th Semester\EE222-LAB\PIC18 LABs\lab 1.X\lab 1.asm
                     AGN5   0x000142    program     static D:\4th Semester\EE222-LAB\PIC18 LABs\lab 1.X\lab 1.asm
                     AGN6   0x000146    program     static D:\4th Semester\EE222-LAB\PIC18 LABs\lab 1.X\lab 1.asm


